
===========================================================================
 report_power
============================================================================
======================= Fastest Corner ===================================

Group                  Internal  Switching    Leakage      Total
                          Power      Power      Power      Power (Watts)
----------------------------------------------------------------
Sequential             1.90e-05   0.00e+00   1.92e-08   1.90e-05  19.9%
Combinational          9.36e-16   3.59e-15   2.79e-11   2.79e-11   0.0%
Clock                  6.36e-05   1.28e-05   3.54e-10   7.65e-05  80.1%
Macro                  0.00e+00   0.00e+00   0.00e+00   0.00e+00   0.0%
Pad                    0.00e+00   0.00e+00   0.00e+00   0.00e+00   0.0%
----------------------------------------------------------------
Total                  8.26e-05   1.28e-05   1.96e-08   9.54e-05 100.0%
                          86.5%      13.4%       0.0%

======================= Slowest Corner ===================================

Group                  Internal  Switching    Leakage      Total
                          Power      Power      Power      Power (Watts)
----------------------------------------------------------------
Sequential             1.27e-05   0.00e+00   7.71e-08   1.28e-05  19.3%
Combinational          7.10e-16   2.24e-15   6.00e-08   6.00e-08   0.1%
Clock                  4.50e-05   8.40e-06   6.37e-08   5.34e-05  80.6%
Macro                  0.00e+00   0.00e+00   0.00e+00   0.00e+00   0.0%
Pad                    0.00e+00   0.00e+00   0.00e+00   0.00e+00   0.0%
----------------------------------------------------------------
Total                  5.77e-05   8.40e-06   2.01e-07   6.63e-05 100.0%
                          87.0%      12.7%       0.3%

======================= Typical Corner ===================================

Group                  Internal  Switching    Leakage      Total
                          Power      Power      Power      Power (Watts)
----------------------------------------------------------------
Sequential             1.63e-05   0.00e+00   1.92e-08   1.63e-05  19.8%
Combinational          8.58e-16   3.06e-15   2.62e-11   2.62e-11   0.0%
Clock                  5.53e-05   1.08e-05   1.89e-10   6.61e-05  80.2%
Macro                  0.00e+00   0.00e+00   0.00e+00   0.00e+00   0.0%
Pad                    0.00e+00   0.00e+00   0.00e+00   0.00e+00   0.0%
----------------------------------------------------------------
Total                  7.16e-05   1.08e-05   1.94e-08   8.24e-05 100.0%
                          86.9%      13.1%       0.0%

