
===========================================================================
report_checks -unconstrained
===========================================================================
======================= Fastest Corner ===================================

Startpoint: OPCODE[0] (input port clocked by __VIRTUAL_CLK__)
Endpoint: OUT[6] (output port clocked by __VIRTUAL_CLK__)
Path Group: __VIRTUAL_CLK__
Path Type: max
Corner: Fastest

Fanout     Cap    Slew   Delay    Time   Description
-----------------------------------------------------------------------------
                  0.00    0.00    0.00   clock __VIRTUAL_CLK__ (rise edge)
                          0.00    0.00   clock network delay (ideal)
                          2.00    2.00 v input external delay
     1    0.00    0.01    0.00    2.00 v OPCODE[0] (in)
                                         OPCODE[0] (net)
                  0.01    0.00    2.00 v input17/A (sky130_fd_sc_hd__clkbuf_2)
     5    0.04    0.10    0.13    2.13 v input17/X (sky130_fd_sc_hd__clkbuf_2)
                                         net17 (net)
                  0.10    0.00    2.13 v _235_/A_N (sky130_fd_sc_hd__nand3b_4)
     7    0.04    0.10    0.18    2.32 v _235_/Y (sky130_fd_sc_hd__nand3b_4)
                                         _163_ (net)
                  0.10    0.00    2.32 v rebuffer1/A (sky130_fd_sc_hd__dlygate4sd1_1)
     2    0.01    0.03    0.19    2.51 v rebuffer1/X (sky130_fd_sc_hd__dlygate4sd1_1)
                                         net28 (net)
                  0.03    0.00    2.51 v _239_/A1 (sky130_fd_sc_hd__a21oi_2)
     2    0.03    0.29    0.26    2.78 ^ _239_/Y (sky130_fd_sc_hd__a21oi_2)
                                         _167_ (net)
                  0.29    0.00    2.78 ^ _248_/B (sky130_fd_sc_hd__or3_1)
     1    0.01    0.05    0.11    2.89 ^ _248_/X (sky130_fd_sc_hd__or3_1)
                                         _006_ (net)
                  0.05    0.00    2.89 ^ _249_/B (sky130_fd_sc_hd__and2_2)
     2    0.04    0.14    0.18    3.07 ^ _249_/X (sky130_fd_sc_hd__and2_2)
                                         _007_ (net)
                  0.14    0.00    3.07 ^ _250_/B1 (sky130_fd_sc_hd__o21ai_4)
     4    0.03    0.07    0.06    3.14 v _250_/Y (sky130_fd_sc_hd__o21ai_4)
                                         _008_ (net)
                  0.07    0.00    3.14 v _257_/A2 (sky130_fd_sc_hd__a311o_4)
     5    0.04    0.08    0.31    3.45 v _257_/X (sky130_fd_sc_hd__a311o_4)
                                         _015_ (net)
                  0.08    0.01    3.45 v _276_/A3 (sky130_fd_sc_hd__a311oi_4)
     3    0.02    0.29    0.33    3.79 ^ _276_/Y (sky130_fd_sc_hd__a311oi_4)
                                         _033_ (net)
                  0.29    0.00    3.79 ^ _277_/A_N (sky130_fd_sc_hd__and2b_1)
     1    0.01    0.05    0.16    3.95 v _277_/X (sky130_fd_sc_hd__and2b_1)
                                         _034_ (net)
                  0.05    0.00    3.95 v _291_/A2 (sky130_fd_sc_hd__a21o_1)
     1    0.02    0.07    0.17    4.12 v _291_/X (sky130_fd_sc_hd__a21o_1)
                                         net26 (net)
                  0.07    0.00    4.12 v output26/A (sky130_fd_sc_hd__buf_2)
     1    0.03    0.06    0.14    4.26 v output26/X (sky130_fd_sc_hd__buf_2)
                                         OUT[6] (net)
                  0.06    0.00    4.26 v OUT[6] (out)
                                  4.26   data arrival time

                  0.00   10.00   10.00   clock __VIRTUAL_CLK__ (rise edge)
                          0.00   10.00   clock network delay (ideal)
                         -0.25    9.75   clock uncertainty
                          0.00    9.75   clock reconvergence pessimism
                         -2.00    7.75   output external delay
                                  7.75   data required time
-----------------------------------------------------------------------------
                                  7.75   data required time
                                 -4.26   data arrival time
-----------------------------------------------------------------------------
                                  3.49   slack (MET)



======================= Slowest Corner ===================================

Startpoint: B[0] (input port clocked by __VIRTUAL_CLK__)
Endpoint: OUT[4] (output port clocked by __VIRTUAL_CLK__)
Path Group: __VIRTUAL_CLK__
Path Type: max
Corner: Slowest

Fanout     Cap    Slew   Delay    Time   Description
-----------------------------------------------------------------------------
                  0.00    0.00    0.00   clock __VIRTUAL_CLK__ (rise edge)
                          0.00    0.00   clock network delay (ideal)
                          2.00    2.00 ^ input external delay
     1    0.00    0.03    0.01    2.01 ^ B[0] (in)
                                         B[0] (net)
                  0.03    0.00    2.01 ^ input9/A (sky130_fd_sc_hd__dlymetal6s2s_1)
     4    0.03    0.50    0.47    2.49 ^ input9/X (sky130_fd_sc_hd__dlymetal6s2s_1)
                                         net9 (net)
                  0.50    0.00    2.49 ^ _184_/A (sky130_fd_sc_hd__buf_4)
    10    0.08    0.34    0.62    3.11 ^ _184_/X (sky130_fd_sc_hd__buf_4)
                                         _112_ (net)
                  0.34    0.01    3.12 ^ _185_/B2 (sky130_fd_sc_hd__a22oi_4)
     3    0.04    0.22    0.30    3.41 v _185_/Y (sky130_fd_sc_hd__a22oi_4)
                                         _113_ (net)
                  0.22    0.00    3.42 v _192_/C (sky130_fd_sc_hd__or3_1)
     2    0.02    0.30    1.04    4.45 v _192_/X (sky130_fd_sc_hd__or3_1)
                                         _120_ (net)
                  0.30    0.00    4.46 v _197_/A1 (sky130_fd_sc_hd__a21o_1)
     2    0.01    0.15    0.50    4.96 v _197_/X (sky130_fd_sc_hd__a21o_1)
                                         _125_ (net)
                  0.15    0.00    4.96 v _199_/A3 (sky130_fd_sc_hd__a31o_1)
     2    0.02    0.21    0.59    5.55 v _199_/X (sky130_fd_sc_hd__a31o_1)
                                         _127_ (net)
                  0.21    0.00    5.55 v _201_/B (sky130_fd_sc_hd__xor2_2)
     2    0.02    0.50    0.54    6.09 ^ _201_/X (sky130_fd_sc_hd__xor2_2)
                                         _129_ (net)
                  0.50    0.00    6.09 ^ _210_/A (sky130_fd_sc_hd__nand3_2)
     3    0.03    0.40    0.52    6.61 v _210_/Y (sky130_fd_sc_hd__nand3_2)
                                         _138_ (net)
                  0.40    0.00    6.61 v _345_/A1 (sky130_fd_sc_hd__a31o_1)
     1    0.02    0.16    0.59    7.20 v _345_/X (sky130_fd_sc_hd__a31o_1)
                                         _096_ (net)
                  0.16    0.00    7.20 v _346_/C (sky130_fd_sc_hd__or3_1)
     1    0.02    0.29    1.00    8.20 v _346_/X (sky130_fd_sc_hd__or3_1)
                                         _097_ (net)
                  0.29    0.00    8.21 v _347_/A (sky130_fd_sc_hd__clkbuf_1)
     1    0.01    0.09    0.30    8.51 v _347_/X (sky130_fd_sc_hd__clkbuf_1)
                                         net24 (net)
                  0.09    0.00    8.51 v output24/A (sky130_fd_sc_hd__buf_2)
     1    0.03    0.17    0.37    8.88 v output24/X (sky130_fd_sc_hd__buf_2)
                                         OUT[4] (net)
                  0.17    0.00    8.88 v OUT[4] (out)
                                  8.88   data arrival time

                  0.00   10.00   10.00   clock __VIRTUAL_CLK__ (rise edge)
                          0.00   10.00   clock network delay (ideal)
                         -0.25    9.75   clock uncertainty
                          0.00    9.75   clock reconvergence pessimism
                         -2.00    7.75   output external delay
                                  7.75   data required time
-----------------------------------------------------------------------------
                                  7.75   data required time
                                 -8.88   data arrival time
-----------------------------------------------------------------------------
                                 -1.13   slack (VIOLATED)



======================= Typical Corner ===================================

Startpoint: OPCODE[0] (input port clocked by __VIRTUAL_CLK__)
Endpoint: OUT[6] (output port clocked by __VIRTUAL_CLK__)
Path Group: __VIRTUAL_CLK__
Path Type: max
Corner: Typical

Fanout     Cap    Slew   Delay    Time   Description
-----------------------------------------------------------------------------
                  0.00    0.00    0.00   clock __VIRTUAL_CLK__ (rise edge)
                          0.00    0.00   clock network delay (ideal)
                          2.00    2.00 v input external delay
     1    0.00    0.01    0.00    2.00 v OPCODE[0] (in)
                                         OPCODE[0] (net)
                  0.01    0.00    2.00 v input17/A (sky130_fd_sc_hd__clkbuf_2)
     5    0.04    0.15    0.19    2.20 v input17/X (sky130_fd_sc_hd__clkbuf_2)
                                         net17 (net)
                  0.15    0.00    2.20 v _235_/A_N (sky130_fd_sc_hd__nand3b_4)
     7    0.04    0.15    0.28    2.48 v _235_/Y (sky130_fd_sc_hd__nand3b_4)
                                         _163_ (net)
                  0.15    0.00    2.48 v rebuffer1/A (sky130_fd_sc_hd__dlygate4sd1_1)
     2    0.01    0.05    0.31    2.79 v rebuffer1/X (sky130_fd_sc_hd__dlygate4sd1_1)
                                         net28 (net)
                  0.05    0.00    2.79 v _239_/A1 (sky130_fd_sc_hd__a21oi_2)
     2    0.03    0.40    0.37    3.16 ^ _239_/Y (sky130_fd_sc_hd__a21oi_2)
                                         _167_ (net)
                  0.40    0.00    3.16 ^ _248_/B (sky130_fd_sc_hd__or3_1)
     1    0.01    0.06    0.20    3.36 ^ _248_/X (sky130_fd_sc_hd__or3_1)
                                         _006_ (net)
                  0.06    0.00    3.36 ^ _249_/B (sky130_fd_sc_hd__and2_2)
     2    0.04    0.19    0.27    3.63 ^ _249_/X (sky130_fd_sc_hd__and2_2)
                                         _007_ (net)
                  0.19    0.00    3.63 ^ _250_/B1 (sky130_fd_sc_hd__o21ai_4)
     4    0.03    0.10    0.14    3.77 v _250_/Y (sky130_fd_sc_hd__o21ai_4)
                                         _008_ (net)
                  0.10    0.00    3.77 v _257_/A2 (sky130_fd_sc_hd__a311o_4)
     5    0.04    0.11    0.48    4.25 v _257_/X (sky130_fd_sc_hd__a311o_4)
                                         _015_ (net)
                  0.11    0.01    4.26 v _276_/A3 (sky130_fd_sc_hd__a311oi_4)
     3    0.02    0.39    0.47    4.73 ^ _276_/Y (sky130_fd_sc_hd__a311oi_4)
                                         _033_ (net)
                  0.39    0.00    4.73 ^ _277_/A_N (sky130_fd_sc_hd__and2b_1)
     1    0.01    0.07    0.29    5.02 v _277_/X (sky130_fd_sc_hd__and2b_1)
                                         _034_ (net)
                  0.07    0.00    5.02 v _291_/A2 (sky130_fd_sc_hd__a21o_1)
     1    0.02    0.10    0.27    5.28 v _291_/X (sky130_fd_sc_hd__a21o_1)
                                         net26 (net)
                  0.10    0.00    5.28 v output26/A (sky130_fd_sc_hd__buf_2)
     1    0.03    0.09    0.22    5.50 v output26/X (sky130_fd_sc_hd__buf_2)
                                         OUT[6] (net)
                  0.09    0.00    5.50 v OUT[6] (out)
                                  5.50   data arrival time

                  0.00   10.00   10.00   clock __VIRTUAL_CLK__ (rise edge)
                          0.00   10.00   clock network delay (ideal)
                         -0.25    9.75   clock uncertainty
                          0.00    9.75   clock reconvergence pessimism
                         -2.00    7.75   output external delay
                                  7.75   data required time
-----------------------------------------------------------------------------
                                  7.75   data required time
                                 -5.50   data arrival time
-----------------------------------------------------------------------------
                                  2.25   slack (MET)




===========================================================================
report_checks --slack_max -0.01
============================================================================
======================= Fastest Corner ===================================

No paths found.

======================= Slowest Corner ===================================

Startpoint: B[0] (input port clocked by __VIRTUAL_CLK__)
Endpoint: OUT[4] (output port clocked by __VIRTUAL_CLK__)
Path Group: __VIRTUAL_CLK__
Path Type: max
Corner: Slowest

Fanout     Cap    Slew   Delay    Time   Description
-----------------------------------------------------------------------------
                  0.00    0.00    0.00   clock __VIRTUAL_CLK__ (rise edge)
                          0.00    0.00   clock network delay (ideal)
                          2.00    2.00 ^ input external delay
     1    0.00    0.03    0.01    2.01 ^ B[0] (in)
                                         B[0] (net)
                  0.03    0.00    2.01 ^ input9/A (sky130_fd_sc_hd__dlymetal6s2s_1)
     4    0.03    0.50    0.47    2.49 ^ input9/X (sky130_fd_sc_hd__dlymetal6s2s_1)
                                         net9 (net)
                  0.50    0.00    2.49 ^ _184_/A (sky130_fd_sc_hd__buf_4)
    10    0.08    0.34    0.62    3.11 ^ _184_/X (sky130_fd_sc_hd__buf_4)
                                         _112_ (net)
                  0.34    0.01    3.12 ^ _185_/B2 (sky130_fd_sc_hd__a22oi_4)
     3    0.04    0.22    0.30    3.41 v _185_/Y (sky130_fd_sc_hd__a22oi_4)
                                         _113_ (net)
                  0.22    0.00    3.42 v _192_/C (sky130_fd_sc_hd__or3_1)
     2    0.02    0.30    1.04    4.45 v _192_/X (sky130_fd_sc_hd__or3_1)
                                         _120_ (net)
                  0.30    0.00    4.46 v _197_/A1 (sky130_fd_sc_hd__a21o_1)
     2    0.01    0.15    0.50    4.96 v _197_/X (sky130_fd_sc_hd__a21o_1)
                                         _125_ (net)
                  0.15    0.00    4.96 v _199_/A3 (sky130_fd_sc_hd__a31o_1)
     2    0.02    0.21    0.59    5.55 v _199_/X (sky130_fd_sc_hd__a31o_1)
                                         _127_ (net)
                  0.21    0.00    5.55 v _201_/B (sky130_fd_sc_hd__xor2_2)
     2    0.02    0.50    0.54    6.09 ^ _201_/X (sky130_fd_sc_hd__xor2_2)
                                         _129_ (net)
                  0.50    0.00    6.09 ^ _210_/A (sky130_fd_sc_hd__nand3_2)
     3    0.03    0.40    0.52    6.61 v _210_/Y (sky130_fd_sc_hd__nand3_2)
                                         _138_ (net)
                  0.40    0.00    6.61 v _345_/A1 (sky130_fd_sc_hd__a31o_1)
     1    0.02    0.16    0.59    7.20 v _345_/X (sky130_fd_sc_hd__a31o_1)
                                         _096_ (net)
                  0.16    0.00    7.20 v _346_/C (sky130_fd_sc_hd__or3_1)
     1    0.02    0.29    1.00    8.20 v _346_/X (sky130_fd_sc_hd__or3_1)
                                         _097_ (net)
                  0.29    0.00    8.21 v _347_/A (sky130_fd_sc_hd__clkbuf_1)
     1    0.01    0.09    0.30    8.51 v _347_/X (sky130_fd_sc_hd__clkbuf_1)
                                         net24 (net)
                  0.09    0.00    8.51 v output24/A (sky130_fd_sc_hd__buf_2)
     1    0.03    0.17    0.37    8.88 v output24/X (sky130_fd_sc_hd__buf_2)
                                         OUT[4] (net)
                  0.17    0.00    8.88 v OUT[4] (out)
                                  8.88   data arrival time

                  0.00   10.00   10.00   clock __VIRTUAL_CLK__ (rise edge)
                          0.00   10.00   clock network delay (ideal)
                         -0.25    9.75   clock uncertainty
                          0.00    9.75   clock reconvergence pessimism
                         -2.00    7.75   output external delay
                                  7.75   data required time
-----------------------------------------------------------------------------
                                  7.75   data required time
                                 -8.88   data arrival time
-----------------------------------------------------------------------------
                                 -1.13   slack (VIOLATED)



======================= Typical Corner ===================================

No paths found.


===========================================================================
 report_check_types -max_slew -max_cap -max_fanout -violators
============================================================================
======================= Fastest Corner ===================================


max slew violations count Fastest: 0
max fanout violations count Fastest: 0
max cap violations count Fastest: 0
======================= Slowest Corner ===================================

max slew

Pin                                    Limit    Slew   Slack
------------------------------------------------------------
_340_/B                                 0.75    0.84   -0.09 (VIOLATED)
_298_/B1                                0.75    0.84   -0.09 (VIOLATED)
_232_/B1                                0.75    0.84   -0.09 (VIOLATED)
_322_/B1                                0.75    0.84   -0.09 (VIOLATED)
_332_/B1                                0.75    0.84   -0.09 (VIOLATED)
_228_/Y                                 0.75    0.84   -0.09 (VIOLATED)
_309_/B1                                0.75    0.84   -0.09 (VIOLATED)
_218_/A                                 0.75    0.82   -0.07 (VIOLATED)
_282_/B1                                0.75    0.82   -0.07 (VIOLATED)
_216_/Y                                 0.75    0.82   -0.07 (VIOLATED)
_324_/A3                                0.75    0.78   -0.03 (VIOLATED)
_334_/A3                                0.75    0.78   -0.03 (VIOLATED)
_299_/A3                                0.75    0.78   -0.03 (VIOLATED)
_303_/B                                 0.75    0.78   -0.03 (VIOLATED)
_341_/A3                                0.75    0.78   -0.03 (VIOLATED)
_233_/A3                                0.75    0.78   -0.03 (VIOLATED)
_312_/A3                                0.75    0.78   -0.03 (VIOLATED)
_223_/Y                                 0.75    0.78   -0.03 (VIOLATED)
_340_/A_N                               0.75    0.78   -0.03 (VIOLATED)
_343_/B1                                0.75    0.78   -0.03 (VIOLATED)
_339_/Y                                 0.75    0.78   -0.03 (VIOLATED)


max slew violations count Slowest: 21
max fanout violations count Slowest: 0
max cap violations count Slowest: 0
======================= Typical Corner ===================================


max slew violations count Typical: 0
max fanout violations count Typical: 0
max cap violations count Typical: 0

===========================================================================
report_parasitic_annotation -report_unannotated
============================================================================
Found 0 unannotated drivers.
Found 0 partially unannotated drivers.

===========================================================================
max slew violation count 21
max fanout violation count 0
max cap violation count 0
============================================================================

===========================================================================
check_setup -verbose -unconstrained_endpoints -multiple_clock -no_clock -no_input_delay -loops -generated_clocks
===========================================================================
