
===========================================================================
 report_power
============================================================================
======================= Fastest Corner ===================================

Group                  Internal  Switching    Leakage      Total
                          Power      Power      Power      Power (Watts)
----------------------------------------------------------------
Sequential             1.90e-05   0.00e+00   1.92e-08   1.90e-05  20.0%
Combinational          9.37e-16   3.43e-15   2.79e-11   2.79e-11   0.0%
Clock                  6.36e-05   1.23e-05   3.54e-10   7.59e-05  80.0%
Macro                  0.00e+00   0.00e+00   0.00e+00   0.00e+00   0.0%
Pad                    0.00e+00   0.00e+00   0.00e+00   0.00e+00   0.0%
----------------------------------------------------------------
Total                  8.26e-05   1.23e-05   1.96e-08   9.49e-05 100.0%
                          87.0%      13.0%       0.0%

======================= Slowest Corner ===================================

Group                  Internal  Switching    Leakage      Total
                          Power      Power      Power      Power (Watts)
----------------------------------------------------------------
Sequential             1.27e-05   0.00e+00   7.71e-08   1.28e-05  19.4%
Combinational          7.12e-16   2.13e-15   6.00e-08   6.00e-08   0.1%
Clock                  4.49e-05   8.05e-06   6.37e-08   5.30e-05  80.5%
Macro                  0.00e+00   0.00e+00   0.00e+00   0.00e+00   0.0%
Pad                    0.00e+00   0.00e+00   0.00e+00   0.00e+00   0.0%
----------------------------------------------------------------
Total                  5.76e-05   8.05e-06   2.01e-07   6.59e-05 100.0%
                          87.5%      12.2%       0.3%

======================= Typical Corner ===================================

Group                  Internal  Switching    Leakage      Total
                          Power      Power      Power      Power (Watts)
----------------------------------------------------------------
Sequential             1.63e-05   0.00e+00   1.92e-08   1.63e-05  19.9%
Combinational          8.59e-16   2.93e-15   2.62e-11   2.62e-11   0.0%
Clock                  5.53e-05   1.03e-05   1.89e-10   6.56e-05  80.1%
Macro                  0.00e+00   0.00e+00   0.00e+00   0.00e+00   0.0%
Pad                    0.00e+00   0.00e+00   0.00e+00   0.00e+00   0.0%
----------------------------------------------------------------
Total                  7.16e-05   1.03e-05   1.94e-08   8.19e-05 100.0%
                          87.4%      12.6%       0.0%

