Mon Jun 09 11:26:39 +0000 2025 - Executing "{openroad -exit -no_init -python /openlane/scripts/odbpy/lefutil.py get_metal_layers -o /openlane/full_cpu/runs/RUN_2025.06.09_11.26.38/tmp/layers.list /home/talha/.volare/sky130A/libs.ref/sky130_fd_sc_hd/techlef/sky130_fd_sc_hd__nom.tlef}"

Mon Jun 09 11:26:39 +0000 2025 - Executing "{/openlane/scripts/mergeLef.py -o /openlane/full_cpu/runs/RUN_2025.06.09_11.26.38/tmp/merged.nom.lef -i /home/talha/.volare/sky130A/libs.ref/sky130_fd_sc_hd/techlef/sky130_fd_sc_hd__nom.tlef {/home/talha/.volare/sky130A/libs.ref/sky130_fd_sc_hd/lef/sky130_ef_sc_hd.lef /home/talha/.volare/sky130A/libs.ref/sky130_fd_sc_hd/lef/sky130_fd_sc_hd.lef} |& tee /dev/null}"

Mon Jun 09 11:26:39 +0000 2025 - Executing "{/openlane/scripts/mergeLef.py -o /openlane/full_cpu/runs/RUN_2025.06.09_11.26.38/tmp/merged.min.lef -i /home/talha/.volare/sky130A/libs.ref/sky130_fd_sc_hd/techlef/sky130_fd_sc_hd__min.tlef {/home/talha/.volare/sky130A/libs.ref/sky130_fd_sc_hd/lef/sky130_ef_sc_hd.lef /home/talha/.volare/sky130A/libs.ref/sky130_fd_sc_hd/lef/sky130_fd_sc_hd.lef} |& tee /dev/null}"

Mon Jun 09 11:26:39 +0000 2025 - Executing "{/openlane/scripts/mergeLef.py -o /openlane/full_cpu/runs/RUN_2025.06.09_11.26.38/tmp/merged.max.lef -i /home/talha/.volare/sky130A/libs.ref/sky130_fd_sc_hd/techlef/sky130_fd_sc_hd__max.tlef {/home/talha/.volare/sky130A/libs.ref/sky130_fd_sc_hd/lef/sky130_ef_sc_hd.lef /home/talha/.volare/sky130A/libs.ref/sky130_fd_sc_hd/lef/sky130_fd_sc_hd.lef} |& tee /dev/null}"

Mon Jun 09 11:26:39 +0000 2025 - Executing "{python3 /openlane/scripts/mergeLib.py --output /openlane/full_cpu/runs/RUN_2025.06.09_11.26.38/tmp/synthesis/merged.lib --name sky130A_merged /home/talha/.volare/sky130A/libs.ref/sky130_fd_sc_hd/lib/sky130_fd_sc_hd__tt_025C_1v80.lib}"

Mon Jun 09 11:26:39 +0000 2025 - Executing "{python3 /openlane/scripts/libtrim.py --cell-file /openlane/full_cpu/runs/RUN_2025.06.09_11.26.38/tmp/synthesis/trimmed.lib.exclude.list --output /openlane/full_cpu/runs/RUN_2025.06.09_11.26.38/tmp/synthesis/trimmed.lib /openlane/full_cpu/runs/RUN_2025.06.09_11.26.38/tmp/synthesis/merged.lib}"

Mon Jun 09 11:26:39 +0000 2025 - Executing "{python3 /openlane/scripts/libtrim.py --cell-file /openlane/full_cpu/runs/RUN_2025.06.09_11.26.38/tmp/cts/cts.lib.exclude.list --output /openlane/full_cpu/runs/RUN_2025.06.09_11.26.38/tmp/cts/cts.lib /home/talha/.volare/sky130A/libs.ref/sky130_fd_sc_hd/lib/sky130_fd_sc_hd__tt_025C_1v80.lib}"

Mon Jun 09 11:26:40 +0000 2025 - Executing "{python3 /openlane/scripts/libtrim.py --cell-file /openlane/full_cpu/runs/RUN_2025.06.09_11.26.38/tmp/cts/cts-fastest.lib.exclude.list --output /openlane/full_cpu/runs/RUN_2025.06.09_11.26.38/tmp/cts/cts-fastest.lib /home/talha/.volare/sky130A/libs.ref/sky130_fd_sc_hd/lib/sky130_fd_sc_hd__ff_n40C_1v95.lib}"

Mon Jun 09 11:26:40 +0000 2025 - Executing "{python3 /openlane/scripts/libtrim.py --cell-file /openlane/full_cpu/runs/RUN_2025.06.09_11.26.38/tmp/cts/cts-slowest.lib.exclude.list --output /openlane/full_cpu/runs/RUN_2025.06.09_11.26.38/tmp/cts/cts-slowest.lib /home/talha/.volare/sky130A/libs.ref/sky130_fd_sc_hd/lib/sky130_fd_sc_hd__ss_100C_1v60.lib}"

Mon Jun 09 11:26:40 +0000 2025 - Executing "{python3 /openlane/scripts/new_tracks.py -i /home/talha/.volare/sky130A/libs.tech/openlane/sky130_fd_sc_hd/tracks.info -o /openlane/full_cpu/runs/RUN_2025.06.09_11.26.38/tmp/routing/config.tracks}"

Mon Jun 09 11:26:40 +0000 2025 - Executing "{echo {OpenLane cb40370eb536887d1bb59cecbd23e0c3ee92f623} > /openlane/full_cpu/runs/RUN_2025.06.09_11.26.38/OPENLANE_COMMIT}"

Mon Jun 09 11:26:40 +0000 2025 - Executing "{yosys -c /openlane/scripts/yosys/blackbox.tcl}"

Mon Jun 09 11:26:40 +0000 2025 - Executing "{verilator -Wall --lint-only --Wno-DECLFILENAME --top-module full_cpu /openlane/full_cpu/runs/RUN_2025.06.09_11.26.38/tmp/synthesis/blackbox/sky130_fd_sc_hd__blackbox.v /openlane/full_cpu/src/PC.v /openlane/full_cpu/src/SevenSeg.v /openlane/full_cpu/src/full_cpu.v /openlane/full_cpu/src/RegisterFile.v /openlane/full_cpu/src/ALU.v /openlane/full_cpu/src/InstructionDecode.v -Wno-fatal --relative-includes |& tee /openlane/full_cpu/runs/RUN_2025.06.09_11.26.38/logs/synthesis/linter.log /dev/null}"

Mon Jun 09 11:26:41 +0000 2025 - Executing "{sed -E {s/^([[:space:]]+)pg_pin(.*)/\1pin\2\n\1    direction : "inout";/g} /home/talha/.volare/sky130A/libs.ref/sky130_fd_sc_hd/lib/sky130_fd_sc_hd__tt_025C_1v80.lib > /openlane/full_cpu/runs/RUN_2025.06.09_11.26.38/tmp/synthesis/1-sky130_fd_sc_hd__tt_025C_1v80.no_pg.lib}"

Mon Jun 09 11:26:41 +0000 2025 - Executing "{sed -E {s/^([[:space:]]+)pg_pin(.*)/\1pin\2\n\1    direction : "inout";/g} /openlane/full_cpu/runs/RUN_2025.06.09_11.26.38/tmp/synthesis/trimmed.lib > /openlane/full_cpu/runs/RUN_2025.06.09_11.26.38/tmp/synthesis/1-trimmed.no_pg.lib}"

Mon Jun 09 11:26:41 +0000 2025 - Executing "yosys -c /openlane/scripts/yosys/synth.tcl |& tee /dev/null /openlane/full_cpu/runs/RUN_2025.06.09_11.26.38/logs/synthesis/1-synthesis.log"

Mon Jun 09 11:26:41 +0000 2025 - Executing "{yosys -c /openlane/scripts/yosys/synth.tcl |& tee /dev/null /openlane/full_cpu/runs/RUN_2025.06.09_11.26.38/logs/synthesis/1-synthesis.log}"

Mon Jun 09 11:26:41 +0000 2025 - Executing "{sed -i.bak -e {s/\(set ::env(CURRENT_NETLIST)\).*/\1 \/openlane\/full_cpu\/runs\/RUN_2025.06.09_11.26.38\/results\/synthesis\/full_cpu.v/} /openlane/full_cpu/runs/RUN_2025.06.09_11.26.38/config.tcl}"

Mon Jun 09 11:26:41 +0000 2025 - Executing "{sed -i.bak /defparam/d /openlane/full_cpu/runs/RUN_2025.06.09_11.26.38/results/synthesis/full_cpu.v}"

Mon Jun 09 11:26:42 +0000 2025 - Executing "sta -exit -no_init /openlane/scripts/openroad/sta/multi_corner.tcl |& tee /dev/null /openlane/full_cpu/runs/RUN_2025.06.09_11.26.38/logs/synthesis/2-sta.log"

Mon Jun 09 11:26:42 +0000 2025 - Executing "{sta -exit -no_init /openlane/scripts/openroad/sta/multi_corner.tcl |& tee /dev/null /openlane/full_cpu/runs/RUN_2025.06.09_11.26.38/logs/synthesis/2-sta.log}"

Mon Jun 09 11:26:42 +0000 2025 - Executing "openroad -exit /openlane/scripts/openroad/floorplan.tcl |& tee /dev/null /openlane/full_cpu/runs/RUN_2025.06.09_11.26.38/logs/floorplan/3-initial_fp.log"

Mon Jun 09 11:26:42 +0000 2025 - Executing "{openroad -exit /openlane/scripts/openroad/floorplan.tcl |& tee /dev/null /openlane/full_cpu/runs/RUN_2025.06.09_11.26.38/logs/floorplan/3-initial_fp.log}"

Mon Jun 09 11:26:42 +0000 2025 - Executing "{openroad -exit -no_init -python /openlane/scripts/odbpy/defutil.py extract_core_dims --output-data /openlane/full_cpu/runs/RUN_2025.06.09_11.26.38/tmp/dimensions.txt --input-lef /openlane/full_cpu/runs/RUN_2025.06.09_11.26.38/tmp/merged.nom.lef /openlane/full_cpu/runs/RUN_2025.06.09_11.26.38/tmp/floorplan/3-initial_fp.def}"

Mon Jun 09 11:26:43 +0000 2025 - Executing "{openroad -exit -no_init -python /openlane/scripts/odbpy/io_place.py --config /openlane/full_cpu/pin_order.cfg --hor-layer met3 --ver-layer met2 --ver-width-mult 2 --hor-width-mult 2 --hor-extension 0 --ver-extension 0 --length 4 --unmatched-error --input-lef /openlane/full_cpu/runs/RUN_2025.06.09_11.26.38/tmp/merged.nom.lef --output-def /openlane/full_cpu/runs/RUN_2025.06.09_11.26.38/tmp/floorplan/4-io.def --output /openlane/full_cpu/runs/RUN_2025.06.09_11.26.38/tmp/floorplan/4-io.odb /openlane/full_cpu/runs/RUN_2025.06.09_11.26.38/tmp/floorplan/3-initial_fp.odb |& tee /dev/null /openlane/full_cpu/runs/RUN_2025.06.09_11.26.38/logs/floorplan/4-place_io.log}"

Mon Jun 09 11:26:43 +0000 2025 - Executing "openroad -exit /openlane/scripts/openroad/tapcell.tcl |& tee /dev/null /openlane/full_cpu/runs/RUN_2025.06.09_11.26.38/logs/floorplan/5-tap.log"

Mon Jun 09 11:26:43 +0000 2025 - Executing "{openroad -exit /openlane/scripts/openroad/tapcell.tcl |& tee /dev/null /openlane/full_cpu/runs/RUN_2025.06.09_11.26.38/logs/floorplan/5-tap.log}"

Mon Jun 09 11:26:44 +0000 2025 - Executing "openroad -exit /openlane/scripts/openroad/pdn.tcl |& tee /dev/null /openlane/full_cpu/runs/RUN_2025.06.09_11.26.38/logs/floorplan/6-pdn.log"

Mon Jun 09 11:26:44 +0000 2025 - Executing "{openroad -exit /openlane/scripts/openroad/pdn.tcl |& tee /dev/null /openlane/full_cpu/runs/RUN_2025.06.09_11.26.38/logs/floorplan/6-pdn.log}"

Mon Jun 09 11:26:44 +0000 2025 - Executing "openroad -exit /openlane/scripts/openroad/gpl.tcl |& tee /dev/null /openlane/full_cpu/runs/RUN_2025.06.09_11.26.38/logs/placement/6-global.log"

Mon Jun 09 11:26:44 +0000 2025 - Executing "{openroad -exit /openlane/scripts/openroad/gpl.tcl |& tee /dev/null /openlane/full_cpu/runs/RUN_2025.06.09_11.26.38/logs/placement/6-global.log}"

Mon Jun 09 11:26:45 +0000 2025 - Executing "{sed -i.bak -e {s/\(set ::env(CURRENT_NETLIST)\).*/\1 \/openlane\/full_cpu\/runs\/RUN_2025.06.09_11.26.38\/tmp\/placement\/7-global.nl.v/} /openlane/full_cpu/runs/RUN_2025.06.09_11.26.38/config.tcl}"

Mon Jun 09 11:26:45 +0000 2025 - Executing "openroad -exit /openlane/scripts/openroad/sta/multi_corner.tcl |& tee /dev/null /openlane/full_cpu/runs/RUN_2025.06.09_11.26.38/logs/placement/8-gpl_sta.log"

Mon Jun 09 11:26:45 +0000 2025 - Executing "{openroad -exit /openlane/scripts/openroad/sta/multi_corner.tcl |& tee /dev/null /openlane/full_cpu/runs/RUN_2025.06.09_11.26.38/logs/placement/8-gpl_sta.log}"

Mon Jun 09 11:26:46 +0000 2025 - Executing "openroad -exit /openlane/scripts/openroad/resizer.tcl |& tee /dev/null /openlane/full_cpu/runs/RUN_2025.06.09_11.26.38/logs/placement/9-resizer.log"

Mon Jun 09 11:26:46 +0000 2025 - Executing "{openroad -exit /openlane/scripts/openroad/resizer.tcl |& tee /dev/null /openlane/full_cpu/runs/RUN_2025.06.09_11.26.38/logs/placement/9-resizer.log}"

Mon Jun 09 11:26:47 +0000 2025 - Executing "{sed -i.bak -e {s/\(set ::env(CURRENT_NETLIST)\).*/\1 \/openlane\/full_cpu\/runs\/RUN_2025.06.09_11.26.38\/tmp\/placement\/9-resizer.nl.v/} /openlane/full_cpu/runs/RUN_2025.06.09_11.26.38/config.tcl}"

Mon Jun 09 11:26:47 +0000 2025 - Executing "openroad -exit /openlane/scripts/openroad/dpl.tcl |& tee /dev/null /openlane/full_cpu/runs/RUN_2025.06.09_11.26.38/logs/placement/10-detailed.log"

Mon Jun 09 11:26:47 +0000 2025 - Executing "{openroad -exit /openlane/scripts/openroad/dpl.tcl |& tee /dev/null /openlane/full_cpu/runs/RUN_2025.06.09_11.26.38/logs/placement/10-detailed.log}"

Mon Jun 09 11:26:48 +0000 2025 - Executing "{sed -i.bak -e {s/\(set ::env(CURRENT_NETLIST)\).*/\1 \/openlane\/full_cpu\/runs\/RUN_2025.06.09_11.26.38\/results\/placement\/full_cpu.nl.v/} /openlane/full_cpu/runs/RUN_2025.06.09_11.26.38/config.tcl}"

Mon Jun 09 11:26:48 +0000 2025 - Executing "openroad -exit /openlane/scripts/openroad/sta/multi_corner.tcl |& tee /dev/null /openlane/full_cpu/runs/RUN_2025.06.09_11.26.38/logs/placement/11-dpl_sta.log"

Mon Jun 09 11:26:48 +0000 2025 - Executing "{openroad -exit /openlane/scripts/openroad/sta/multi_corner.tcl |& tee /dev/null /openlane/full_cpu/runs/RUN_2025.06.09_11.26.38/logs/placement/11-dpl_sta.log}"

Mon Jun 09 11:26:48 +0000 2025 - Executing "openroad -exit /openlane/scripts/openroad/cts.tcl |& tee /dev/null /openlane/full_cpu/runs/RUN_2025.06.09_11.26.38/logs/cts/12-cts.log"

Mon Jun 09 11:26:48 +0000 2025 - Executing "{openroad -exit /openlane/scripts/openroad/cts.tcl |& tee /dev/null /openlane/full_cpu/runs/RUN_2025.06.09_11.26.38/logs/cts/12-cts.log}"

Mon Jun 09 11:26:53 +0000 2025 - Executing "openroad -exit /openlane/scripts/openroad/sta/multi_corner.tcl |& tee /dev/null /openlane/full_cpu/runs/RUN_2025.06.09_11.26.38/logs/cts/13-cts_sta.log"

Mon Jun 09 11:26:53 +0000 2025 - Executing "{openroad -exit /openlane/scripts/openroad/sta/multi_corner.tcl |& tee /dev/null /openlane/full_cpu/runs/RUN_2025.06.09_11.26.38/logs/cts/13-cts_sta.log}"

Mon Jun 09 11:26:53 +0000 2025 - Executing "openroad -exit /openlane/scripts/openroad/resizer_timing.tcl |& tee /dev/null /openlane/full_cpu/runs/RUN_2025.06.09_11.26.38/logs/cts/14-resizer.log"

Mon Jun 09 11:26:53 +0000 2025 - Executing "{openroad -exit /openlane/scripts/openroad/resizer_timing.tcl |& tee /dev/null /openlane/full_cpu/runs/RUN_2025.06.09_11.26.38/logs/cts/14-resizer.log}"

Mon Jun 09 11:26:54 +0000 2025 - Executing "{sed -i.bak -e {s/\(set ::env(CURRENT_NETLIST)\).*/\1 \/openlane\/full_cpu\/runs\/RUN_2025.06.09_11.26.38\/tmp\/cts\/14-full_cpu.resized.nl.v/} /openlane/full_cpu/runs/RUN_2025.06.09_11.26.38/config.tcl}"

Mon Jun 09 11:26:55 +0000 2025 - Executing "openroad -exit /openlane/scripts/openroad/resizer_routing_design.tcl |& tee /dev/null /openlane/full_cpu/runs/RUN_2025.06.09_11.26.38/logs/routing/15-resizer_design.log"

Mon Jun 09 11:26:55 +0000 2025 - Executing "{openroad -exit /openlane/scripts/openroad/resizer_routing_design.tcl |& tee /dev/null /openlane/full_cpu/runs/RUN_2025.06.09_11.26.38/logs/routing/15-resizer_design.log}"

Mon Jun 09 11:26:56 +0000 2025 - Executing "{sed -i.bak -e {s/\(set ::env(CURRENT_NETLIST)\).*/\1 \/openlane\/full_cpu\/runs\/RUN_2025.06.09_11.26.38\/tmp\/15-full_cpu.nl.v/} /openlane/full_cpu/runs/RUN_2025.06.09_11.26.38/config.tcl}"

Mon Jun 09 11:26:56 +0000 2025 - Executing "openroad -exit /openlane/scripts/openroad/sta/multi_corner.tcl |& tee /dev/null /openlane/full_cpu/runs/RUN_2025.06.09_11.26.38/logs/routing/16-rsz_design_sta.log"

Mon Jun 09 11:26:56 +0000 2025 - Executing "{openroad -exit /openlane/scripts/openroad/sta/multi_corner.tcl |& tee /dev/null /openlane/full_cpu/runs/RUN_2025.06.09_11.26.38/logs/routing/16-rsz_design_sta.log}"

Mon Jun 09 11:26:57 +0000 2025 - Executing "openroad -exit /openlane/scripts/openroad/resizer_routing_timing.tcl |& tee /dev/null /openlane/full_cpu/runs/RUN_2025.06.09_11.26.38/logs/routing/17-resizer_timing.log"

Mon Jun 09 11:26:57 +0000 2025 - Executing "{openroad -exit /openlane/scripts/openroad/resizer_routing_timing.tcl |& tee /dev/null /openlane/full_cpu/runs/RUN_2025.06.09_11.26.38/logs/routing/17-resizer_timing.log}"

Mon Jun 09 11:26:58 +0000 2025 - Executing "{sed -i.bak -e {s/\(set ::env(CURRENT_NETLIST)\).*/\1 \/openlane\/full_cpu\/runs\/RUN_2025.06.09_11.26.38\/tmp\/17-full_cpu.nl.v/} /openlane/full_cpu/runs/RUN_2025.06.09_11.26.38/config.tcl}"

Mon Jun 09 11:26:58 +0000 2025 - Executing "openroad -exit /openlane/scripts/openroad/sta/multi_corner.tcl |& tee /dev/null /openlane/full_cpu/runs/RUN_2025.06.09_11.26.38/logs/routing/18-rsz_timing_sta.log"

Mon Jun 09 11:26:58 +0000 2025 - Executing "{openroad -exit /openlane/scripts/openroad/sta/multi_corner.tcl |& tee /dev/null /openlane/full_cpu/runs/RUN_2025.06.09_11.26.38/logs/routing/18-rsz_timing_sta.log}"

Mon Jun 09 11:26:59 +0000 2025 - Executing "{openroad -exit -no_init -python /openlane/scripts/odbpy/diodes.py place --diode-cell sky130_fd_sc_hd__diode_2 --diode-pin DIODE --threshold Infinity --side-strategy source --port-protect in --input-lef /openlane/full_cpu/runs/RUN_2025.06.09_11.26.38/tmp/merged.nom.lef --output-def /openlane/full_cpu/runs/RUN_2025.06.09_11.26.38/tmp/routing/19-io_diodes.def --output /openlane/full_cpu/runs/RUN_2025.06.09_11.26.38/tmp/routing/19-io_diodes.odb /openlane/full_cpu/runs/RUN_2025.06.09_11.26.38/tmp/17-full_cpu.odb |& tee /dev/null /openlane/full_cpu/runs/RUN_2025.06.09_11.26.38/logs/routing/19-io_diodes.log}"

Mon Jun 09 11:26:59 +0000 2025 - Executing "openroad -exit /openlane/scripts/openroad/dpl.tcl |& tee /dev/null /openlane/full_cpu/runs/RUN_2025.06.09_11.26.38/logs/routing/20-io_diode_legalization.log"

Mon Jun 09 11:26:59 +0000 2025 - Executing "{openroad -exit /openlane/scripts/openroad/dpl.tcl |& tee /dev/null /openlane/full_cpu/runs/RUN_2025.06.09_11.26.38/logs/routing/20-io_diode_legalization.log}"

Mon Jun 09 11:26:59 +0000 2025 - Executing "{sed -i.bak -e {s/\(set ::env(CURRENT_NETLIST)\).*/\1 \/openlane\/full_cpu\/runs\/RUN_2025.06.09_11.26.38\/tmp\/routing\/.\/19-io_diode_legalized.nl.v/} /openlane/full_cpu/runs/RUN_2025.06.09_11.26.38/config.tcl}"

Mon Jun 09 11:27:00 +0000 2025 - Executing "{openroad -exit -no_init -python /openlane/scripts/odbpy/diodes.py place --diode-cell sky130_fd_sc_hd__diode_2 --diode-pin DIODE --threshold 90 --side-strategy source --port-protect none --input-lef /openlane/full_cpu/runs/RUN_2025.06.09_11.26.38/tmp/merged.nom.lef --output-def /openlane/full_cpu/runs/RUN_2025.06.09_11.26.38/tmp/routing/21-diodes.def --output /openlane/full_cpu/runs/RUN_2025.06.09_11.26.38/tmp/routing/21-diodes.odb /openlane/full_cpu/runs/RUN_2025.06.09_11.26.38/tmp/routing/./19-io_diode_legalized.odb |& tee /dev/null /openlane/full_cpu/runs/RUN_2025.06.09_11.26.38/logs/routing/21-diodes.log}"

Mon Jun 09 11:27:00 +0000 2025 - Executing "openroad -exit /openlane/scripts/openroad/dpl.tcl |& tee /dev/null /openlane/full_cpu/runs/RUN_2025.06.09_11.26.38/logs/routing/22-diode_legalization.log"

Mon Jun 09 11:27:00 +0000 2025 - Executing "{openroad -exit /openlane/scripts/openroad/dpl.tcl |& tee /dev/null /openlane/full_cpu/runs/RUN_2025.06.09_11.26.38/logs/routing/22-diode_legalization.log}"

Mon Jun 09 11:27:00 +0000 2025 - Executing "{sed -i.bak -e {s/\(set ::env(CURRENT_NETLIST)\).*/\1 \/openlane\/full_cpu\/runs\/RUN_2025.06.09_11.26.38\/tmp\/routing\/.\/21-diodes_legalized.nl.v/} /openlane/full_cpu/runs/RUN_2025.06.09_11.26.38/config.tcl}"

Mon Jun 09 11:27:01 +0000 2025 - Executing "openroad -exit /openlane/scripts/openroad/repair_antennas.tcl |& tee /dev/null /openlane/full_cpu/runs/RUN_2025.06.09_11.26.38/logs/routing/23-global.log"

Mon Jun 09 11:27:01 +0000 2025 - Executing "{openroad -exit /openlane/scripts/openroad/repair_antennas.tcl |& tee /dev/null /openlane/full_cpu/runs/RUN_2025.06.09_11.26.38/logs/routing/23-global.log}"

Mon Jun 09 11:27:01 +0000 2025 - Executing "openroad -exit /openlane/scripts/openroad/write_views.tcl |& tee /dev/null /openlane/full_cpu/runs/RUN_2025.06.09_11.26.38/logs/routing/23-global_write_netlist.log"

Mon Jun 09 11:27:01 +0000 2025 - Executing "{openroad -exit /openlane/scripts/openroad/write_views.tcl |& tee /dev/null /openlane/full_cpu/runs/RUN_2025.06.09_11.26.38/logs/routing/23-global_write_netlist.log}"

Mon Jun 09 11:27:01 +0000 2025 - Executing "{sed -i.bak -e {s/\(set ::env(CURRENT_NETLIST)\).*/\1 \/openlane\/full_cpu\/runs\/RUN_2025.06.09_11.26.38\/tmp\/routing\/global.nl.v/} /openlane/full_cpu/runs/RUN_2025.06.09_11.26.38/config.tcl}"

Mon Jun 09 11:27:02 +0000 2025 - Executing "openroad -exit /openlane/scripts/openroad/sta/multi_corner.tcl |& tee /dev/null /openlane/full_cpu/runs/RUN_2025.06.09_11.26.38/logs/routing/25-grt_sta.log"

Mon Jun 09 11:27:02 +0000 2025 - Executing "{openroad -exit /openlane/scripts/openroad/sta/multi_corner.tcl |& tee /dev/null /openlane/full_cpu/runs/RUN_2025.06.09_11.26.38/logs/routing/25-grt_sta.log}"

Mon Jun 09 11:27:02 +0000 2025 - Executing "openroad -exit /openlane/scripts/openroad/fill.tcl |& tee /dev/null /openlane/full_cpu/runs/RUN_2025.06.09_11.26.38/logs/routing/26-fill.log"

Mon Jun 09 11:27:02 +0000 2025 - Executing "{openroad -exit /openlane/scripts/openroad/fill.tcl |& tee /dev/null /openlane/full_cpu/runs/RUN_2025.06.09_11.26.38/logs/routing/26-fill.log}"

Mon Jun 09 11:27:03 +0000 2025 - Executing "{sed -i.bak -e {s/\(set ::env(CURRENT_NETLIST)\).*/\1 \/openlane\/full_cpu\/runs\/RUN_2025.06.09_11.26.38\/tmp\/routing\/26-fill.nl.v/} /openlane/full_cpu/runs/RUN_2025.06.09_11.26.38/config.tcl}"

Mon Jun 09 11:27:03 +0000 2025 - Executing "openroad -exit -metrics /openlane/full_cpu/runs/RUN_2025.06.09_11.26.38/reports/routing/27-drt_metrics.json /openlane/scripts/openroad/droute.tcl |& tee /dev/null /openlane/full_cpu/runs/RUN_2025.06.09_11.26.38/logs/routing/27-detailed.log"

Mon Jun 09 11:27:03 +0000 2025 - Executing "{openroad -exit -metrics /openlane/full_cpu/runs/RUN_2025.06.09_11.26.38/reports/routing/27-drt_metrics.json /openlane/scripts/openroad/droute.tcl |& tee /dev/null /openlane/full_cpu/runs/RUN_2025.06.09_11.26.38/logs/routing/27-detailed.log}"

Mon Jun 09 11:27:04 +0000 2025 - Executing "{sed -i.bak -e {s/\(set ::env(CURRENT_NETLIST)\).*/\1 \/openlane\/full_cpu\/runs\/RUN_2025.06.09_11.26.38\/results\/routing\/full_cpu.nl.v/} /openlane/full_cpu/runs/RUN_2025.06.09_11.26.38/config.tcl}"

Mon Jun 09 11:27:04 +0000 2025 - Executing "{python3 /openlane/scripts/drc_rosetta.py tr to_klayout -o /openlane/full_cpu/runs/RUN_2025.06.09_11.26.38/reports/routing/drt.klayout.xml --design-name full_cpu /openlane/full_cpu/runs/RUN_2025.06.09_11.26.38/reports/routing/drt.drc}"

Mon Jun 09 11:27:04 +0000 2025 - Executing "{openroad -exit -no_init -python /openlane/scripts/odbpy/wire_lengths.py --report-out /openlane/full_cpu/runs/RUN_2025.06.09_11.26.38/reports/routing/28-wire_lengths.csv --input-lef /openlane/full_cpu/runs/RUN_2025.06.09_11.26.38/tmp/merged.nom.lef --output-def /openlane/full_cpu/runs/RUN_2025.06.09_11.26.38/results/routing/full_cpu.def --output /openlane/full_cpu/runs/RUN_2025.06.09_11.26.38/results/routing/full_cpu.odb /openlane/full_cpu/runs/RUN_2025.06.09_11.26.38/results/routing/full_cpu.odb |& tee /dev/null /openlane/full_cpu/runs/RUN_2025.06.09_11.26.38/logs/routing/28-wire_lengths.log}"

Mon Jun 09 11:27:04 +0000 2025 - Executing "openroad -exit /openlane/scripts/openroad/rcx.tcl |& tee /dev/null /openlane/full_cpu/runs/RUN_2025.06.09_11.26.38/logs/signoff/29-parasitics_extraction.min.log"

Mon Jun 09 11:27:04 +0000 2025 - Executing "{openroad -exit /openlane/scripts/openroad/rcx.tcl |& tee /dev/null /openlane/full_cpu/runs/RUN_2025.06.09_11.26.38/logs/signoff/29-parasitics_extraction.min.log}"

Mon Jun 09 11:27:05 +0000 2025 - Executing "sta -exit -no_init /openlane/scripts/openroad/sta/multi_corner.tcl |& tee /dev/null /openlane/full_cpu/runs/RUN_2025.06.09_11.26.38/logs/signoff/30-rcx_mcsta.min.log"

Mon Jun 09 11:27:05 +0000 2025 - Executing "{sta -exit -no_init /openlane/scripts/openroad/sta/multi_corner.tcl |& tee /dev/null /openlane/full_cpu/runs/RUN_2025.06.09_11.26.38/logs/signoff/30-rcx_mcsta.min.log}"

Mon Jun 09 11:27:06 +0000 2025 - Executing "openroad -exit /openlane/scripts/openroad/rcx.tcl |& tee /dev/null /openlane/full_cpu/runs/RUN_2025.06.09_11.26.38/logs/signoff/31-parasitics_extraction.max.log"

Mon Jun 09 11:27:06 +0000 2025 - Executing "{openroad -exit /openlane/scripts/openroad/rcx.tcl |& tee /dev/null /openlane/full_cpu/runs/RUN_2025.06.09_11.26.38/logs/signoff/31-parasitics_extraction.max.log}"

Mon Jun 09 11:27:07 +0000 2025 - Executing "sta -exit -no_init /openlane/scripts/openroad/sta/multi_corner.tcl |& tee /dev/null /openlane/full_cpu/runs/RUN_2025.06.09_11.26.38/logs/signoff/32-rcx_mcsta.max.log"

Mon Jun 09 11:27:07 +0000 2025 - Executing "{sta -exit -no_init /openlane/scripts/openroad/sta/multi_corner.tcl |& tee /dev/null /openlane/full_cpu/runs/RUN_2025.06.09_11.26.38/logs/signoff/32-rcx_mcsta.max.log}"

Mon Jun 09 11:27:08 +0000 2025 - Executing "openroad -exit /openlane/scripts/openroad/rcx.tcl |& tee /dev/null /openlane/full_cpu/runs/RUN_2025.06.09_11.26.38/logs/signoff/33-parasitics_extraction.nom.log"

Mon Jun 09 11:27:08 +0000 2025 - Executing "{openroad -exit /openlane/scripts/openroad/rcx.tcl |& tee /dev/null /openlane/full_cpu/runs/RUN_2025.06.09_11.26.38/logs/signoff/33-parasitics_extraction.nom.log}"

Mon Jun 09 11:27:09 +0000 2025 - Executing "sta -exit -no_init /openlane/scripts/openroad/sta/multi_corner.tcl |& tee /dev/null /openlane/full_cpu/runs/RUN_2025.06.09_11.26.38/logs/signoff/34-rcx_mcsta.nom.log"

Mon Jun 09 11:27:09 +0000 2025 - Executing "{sta -exit -no_init /openlane/scripts/openroad/sta/multi_corner.tcl |& tee /dev/null /openlane/full_cpu/runs/RUN_2025.06.09_11.26.38/logs/signoff/34-rcx_mcsta.nom.log}"

Mon Jun 09 11:27:10 +0000 2025 - Executing "openroad -exit /openlane/scripts/openroad/irdrop.tcl |& tee /dev/null /openlane/full_cpu/runs/RUN_2025.06.09_11.26.38/logs/signoff/35-irdrop.log"

Mon Jun 09 11:27:10 +0000 2025 - Executing "{openroad -exit /openlane/scripts/openroad/irdrop.tcl |& tee /dev/null /openlane/full_cpu/runs/RUN_2025.06.09_11.26.38/logs/signoff/35-irdrop.log}"

Mon Jun 09 11:27:11 +0000 2025 - Executing "magic -noconsole -dnull -rcfile /home/talha/.volare/sky130A/libs.tech/magic/sky130A.magicrc < /openlane/scripts/magic/wrapper.tcl |& tee /dev/null /openlane/full_cpu/runs/RUN_2025.06.09_11.26.38/logs/signoff/36-gdsii.log"

Mon Jun 09 11:27:11 +0000 2025 - Executing "{magic -noconsole -dnull -rcfile /home/talha/.volare/sky130A/libs.tech/magic/sky130A.magicrc < /openlane/scripts/magic/wrapper.tcl |& tee /dev/null /openlane/full_cpu/runs/RUN_2025.06.09_11.26.38/logs/signoff/36-gdsii.log}"

Mon Jun 09 11:27:11 +0000 2025 - Executing "magic -noconsole -dnull -rcfile /home/talha/.volare/sky130A/libs.tech/magic/sky130A.magicrc < /openlane/scripts/magic/wrapper.tcl |& tee /dev/null /openlane/full_cpu/runs/RUN_2025.06.09_11.26.38/logs/signoff/36-gds_ptrs.log"

Mon Jun 09 11:27:11 +0000 2025 - Executing "{magic -noconsole -dnull -rcfile /home/talha/.volare/sky130A/libs.tech/magic/sky130A.magicrc < /openlane/scripts/magic/wrapper.tcl |& tee /dev/null /openlane/full_cpu/runs/RUN_2025.06.09_11.26.38/logs/signoff/36-gds_ptrs.log}"

Mon Jun 09 11:27:11 +0000 2025 - Executing "{sed -i.bak -n {/^<< properties >>/,/^<< end >>/p} /openlane/full_cpu/runs/RUN_2025.06.09_11.26.38/tmp/signoff/gds_ptrs.mag}"

Mon Jun 09 11:27:11 +0000 2025 - Executing "magic -noconsole -dnull -rcfile /home/talha/.volare/sky130A/libs.tech/magic/sky130A.magicrc < /openlane/scripts/magic/wrapper.tcl |& tee /dev/null /openlane/full_cpu/runs/RUN_2025.06.09_11.26.38/logs/signoff/36-lef.log"

Mon Jun 09 11:27:11 +0000 2025 - Executing "{magic -noconsole -dnull -rcfile /home/talha/.volare/sky130A/libs.tech/magic/sky130A.magicrc < /openlane/scripts/magic/wrapper.tcl |& tee /dev/null /openlane/full_cpu/runs/RUN_2025.06.09_11.26.38/logs/signoff/36-lef.log}"

Mon Jun 09 11:27:12 +0000 2025 - Executing "magic -noconsole -dnull -rcfile /home/talha/.volare/sky130A/libs.tech/magic/sky130A.magicrc < /openlane/scripts/magic/wrapper.tcl |& tee /dev/null /openlane/full_cpu/runs/RUN_2025.06.09_11.26.38/logs/signoff/36-maglef.log"

Mon Jun 09 11:27:12 +0000 2025 - Executing "{magic -noconsole -dnull -rcfile /home/talha/.volare/sky130A/libs.tech/magic/sky130A.magicrc < /openlane/scripts/magic/wrapper.tcl |& tee /dev/null /openlane/full_cpu/runs/RUN_2025.06.09_11.26.38/logs/signoff/36-maglef.log}"

Mon Jun 09 11:27:12 +0000 2025 - Executing "{python3 /openlane/scripts/klayout/stream_out.py --output /openlane/full_cpu/runs/RUN_2025.06.09_11.26.38/results/signoff/full_cpu.klayout.gds --lyt /home/talha/.volare/sky130A/libs.tech/klayout/tech/sky130A.lyt --lym /home/talha/.volare/sky130A/libs.tech/klayout/tech/sky130A.map --lyp /home/talha/.volare/sky130A/libs.tech/klayout/tech/sky130A.lyp --top full_cpu --with-gds-file /home/talha/.volare/sky130A/libs.ref/sky130_fd_sc_hd/gds/sky130_fd_sc_hd.gds --input-lef /openlane/full_cpu/runs/RUN_2025.06.09_11.26.38/tmp/merged.nom.lef /openlane/full_cpu/runs/RUN_2025.06.09_11.26.38/results/routing/full_cpu.def |& tee /dev/null /openlane/full_cpu/runs/RUN_2025.06.09_11.26.38/logs/signoff/37-gdsii-klayout.log}"

Mon Jun 09 11:27:12 +0000 2025 - Executing "{klayout -b -r /openlane/scripts/klayout/xor.drc -rd a=/openlane/full_cpu/runs/RUN_2025.06.09_11.26.38/results/signoff/full_cpu.gds -rd b=/openlane/full_cpu/runs/RUN_2025.06.09_11.26.38/results/signoff/full_cpu.klayout.gds -rd jobs=1 -rd rdb_out=/openlane/full_cpu/runs/RUN_2025.06.09_11.26.38/reports/signoff/38-xor.xml -rd ignore=81/14 -rd rpt_out=/openlane/full_cpu/runs/RUN_2025.06.09_11.26.38/reports/signoff/38-xor.rpt |& tee /dev/null /openlane/full_cpu/runs/RUN_2025.06.09_11.26.38/logs/signoff/38-xor.log}"

Mon Jun 09 11:27:13 +0000 2025 - Executing "magic -noconsole -dnull -rcfile /home/talha/.volare/sky130A/libs.tech/magic/sky130A.magicrc < /openlane/scripts/magic/wrapper.tcl |& tee /dev/null /openlane/full_cpu/runs/RUN_2025.06.09_11.26.38/logs/signoff/39-spice.log"

Mon Jun 09 11:27:13 +0000 2025 - Executing "{magic -noconsole -dnull -rcfile /home/talha/.volare/sky130A/libs.tech/magic/sky130A.magicrc < /openlane/scripts/magic/wrapper.tcl |& tee /dev/null /openlane/full_cpu/runs/RUN_2025.06.09_11.26.38/logs/signoff/39-spice.log}"

Mon Jun 09 11:27:13 +0000 2025 - Executing "{openroad -exit -no_init -python /openlane/scripts/odbpy/power_utils.py write_powered_def --output /openlane/full_cpu/runs/RUN_2025.06.09_11.26.38/tmp/signoff/39-full_cpu.p.def --input-lef /openlane/full_cpu/runs/RUN_2025.06.09_11.26.38/tmp/merged.nom.lef --power-port VPWR --ground-port VGND --powered-netlist {} /openlane/full_cpu/runs/RUN_2025.06.09_11.26.38/results/routing/full_cpu.def |& tee /dev/null /openlane/full_cpu/runs/RUN_2025.06.09_11.26.38/logs/signoff/40-write_powered_def.log}"

Mon Jun 09 11:27:14 +0000 2025 - Executing "openroad -exit /openlane/scripts/openroad/write_views.tcl |& tee /dev/null /openlane/full_cpu/runs/RUN_2025.06.09_11.26.38/logs/signoff/40-write_powered_verilog.log"

Mon Jun 09 11:27:14 +0000 2025 - Executing "{openroad -exit /openlane/scripts/openroad/write_views.tcl |& tee /dev/null /openlane/full_cpu/runs/RUN_2025.06.09_11.26.38/logs/signoff/40-write_powered_verilog.log}"

Mon Jun 09 11:27:14 +0000 2025 - Executing "{sed -i.bak -e {s/\(set ::env(CURRENT_NETLIST)\).*/\1 \/openlane\/full_cpu\/runs\/RUN_2025.06.09_11.26.38\/tmp\/signoff\/39-full_cpu.nl.v/} /openlane/full_cpu/runs/RUN_2025.06.09_11.26.38/config.tcl}"

Mon Jun 09 11:27:14 +0000 2025 - Executing "{netgen -batch source /openlane/full_cpu/runs/RUN_2025.06.09_11.26.38/tmp/signoff/42-setup_file.lef.lvs |& tee /dev/null /openlane/full_cpu/runs/RUN_2025.06.09_11.26.38/logs/signoff/42-lvs.lef.log}"

Mon Jun 09 11:27:14 +0000 2025 - Executing "magic -noconsole -dnull -rcfile /home/talha/.volare/sky130A/libs.tech/magic/sky130A.magicrc < /openlane/scripts/magic/wrapper.tcl |& tee /dev/null /openlane/full_cpu/runs/RUN_2025.06.09_11.26.38/logs/signoff/43-drc.log"

Mon Jun 09 11:27:14 +0000 2025 - Executing "{magic -noconsole -dnull -rcfile /home/talha/.volare/sky130A/libs.tech/magic/sky130A.magicrc < /openlane/scripts/magic/wrapper.tcl |& tee /dev/null /openlane/full_cpu/runs/RUN_2025.06.09_11.26.38/logs/signoff/43-drc.log}"

Mon Jun 09 11:27:15 +0000 2025 - Executing "{python3 /openlane/scripts/drc_rosetta.py magic to_tcl -o /openlane/full_cpu/runs/RUN_2025.06.09_11.26.38/reports/signoff/drc.tcl /openlane/full_cpu/runs/RUN_2025.06.09_11.26.38/reports/signoff/drc.rpt}"

Mon Jun 09 11:27:15 +0000 2025 - Executing "{python3 /openlane/scripts/drc_rosetta.py magic to_tr -o /openlane/full_cpu/runs/RUN_2025.06.09_11.26.38/reports/signoff/drc.tr /openlane/full_cpu/runs/RUN_2025.06.09_11.26.38/reports/signoff/drc.rpt}"

Mon Jun 09 11:27:15 +0000 2025 - Executing "{python3 /openlane/scripts/drc_rosetta.py tr to_klayout -o /openlane/full_cpu/runs/RUN_2025.06.09_11.26.38/reports/signoff/drc.klayout.xml --design-name full_cpu /openlane/full_cpu/runs/RUN_2025.06.09_11.26.38/reports/signoff/drc.tr}"

Mon Jun 09 11:27:15 +0000 2025 - Executing "{python3 /openlane/scripts/drc_rosetta.py magic to_rdb -o /openlane/full_cpu/runs/RUN_2025.06.09_11.26.38/reports/signoff/drc.rdb /openlane/full_cpu/runs/RUN_2025.06.09_11.26.38/reports/signoff/drc.rpt}"

Mon Jun 09 11:27:15 +0000 2025 - Executing "{klayout -b -zz -r /home/talha/.volare/sky130A/libs.tech/klayout/drc/sky130A_mr.drc -rd topcell=full_cpu -rd input=/openlane/full_cpu/runs/RUN_2025.06.09_11.26.38/results/signoff/full_cpu.gds -rd report=/openlane/full_cpu/runs/RUN_2025.06.09_11.26.38/reports/signoff/violations.xml -rd feol=true -rd beol=true -rd floating_metal=false -rd seal=true -rd thread=1 |& tee /dev/null /openlane/full_cpu/runs/RUN_2025.06.09_11.26.38/logs/signoff/44-drc-klayout.log}"

Mon Jun 09 11:27:16 +0000 2025 - Executing "{python3 /openlane/scripts/klayout/xml_drc_report_to_json.py --xml-file /openlane/full_cpu/runs/RUN_2025.06.09_11.26.38/reports/signoff/violations.xml --json-file /openlane/full_cpu/runs/RUN_2025.06.09_11.26.38/reports/signoff/violations.json}"

Mon Jun 09 11:27:16 +0000 2025 - Executing "openroad -exit /openlane/scripts/openroad/antenna_check.tcl |& tee /dev/null /openlane/full_cpu/runs/RUN_2025.06.09_11.26.38/logs/signoff/45-arc.log"

Mon Jun 09 11:27:16 +0000 2025 - Executing "{openroad -exit /openlane/scripts/openroad/antenna_check.tcl |& tee /dev/null /openlane/full_cpu/runs/RUN_2025.06.09_11.26.38/logs/signoff/45-arc.log}"

Mon Jun 09 11:27:16 +0000 2025 - Executing "{python3 /openlane/scripts/extract_antenna_violators.py --output /openlane/full_cpu/runs/RUN_2025.06.09_11.26.38/reports/signoff/45-antenna_violators.rpt --plain-out /openlane/full_cpu/runs/RUN_2025.06.09_11.26.38/reports/signoff/45-antenna_violators_pins.txt /openlane/full_cpu/runs/RUN_2025.06.09_11.26.38/logs/signoff/45-arc.log}"

Mon Jun 09 11:27:17 +0000 2025 - Executing "{python3 /openlane/scripts/write_runtime.py --conclude --seconds --time-in 1749379757 {flow completed}}"

Mon Jun 09 11:27:17 +0000 2025 - Executing "{python3 /openlane/scripts/generate_reports.py -d /openlane/full_cpu --design_name full_cpu --tag RUN_2025.06.09_11.26.38 --output_file /openlane/full_cpu/runs/RUN_2025.06.09_11.26.38/reports/metrics.csv --man_report /openlane/full_cpu/runs/RUN_2025.06.09_11.26.38/reports/manufacturability.rpt --run_path /openlane/full_cpu/runs/RUN_2025.06.09_11.26.38}"

