[INFO]: Run Directory: /openlane/full_cpu/runs/RUN_2025.06.09_11.26.38
[WARNING]: DIODE_INSERTION_STRATEGY is now deprecated; use GRT_REPAIR_ANTENNAS, DIODE_ON_PORTS and RUN_HEURISTIC_DIODE_INSERTION instead.
[INFO]: DIODE_INSERTION_STRATEGY set to 4. Setting RUN_HEURISTIC_DIODE_INSERTION to 1
[INFO]: DIODE_INSERTION_STRATEGY set to 4. Setting DIODE_ON_PORTS to in
[INFO]: Saving runtime environment...
[INFO]: Preparing LEF files for the nom corner...
[INFO]: Preparing LEF files for the min corner...
[INFO]: Preparing LEF files for the max corner...
[WARNING]: PNR_SDC_FILE is not set. It is recommended to write a custom SDC file for the design. Defaulting to BASE_SDC_FILE
[WARNING]: SIGNOFF_SDC_FILE is not set. It is recommended to write a custom SDC file for the design. Defaulting to BASE_SDC_FILE
[INFO]: Running linter (Verilator) (log: full_cpu/runs/RUN_2025.06.09_11.26.38/logs/synthesis/linter.log)...
[INFO]: 0 errors found by linter
[WARNING]: 1 warnings found by linter
[INFO]: Running Synthesis (log: full_cpu/runs/RUN_2025.06.09_11.26.38/logs/synthesis/1-synthesis.log)...
[INFO]: Running Single-Corner Static Timing Analysis (log: full_cpu/runs/RUN_2025.06.09_11.26.38/logs/synthesis/2-sta.log)...
[INFO]: Running Initial Floorplanning (log: full_cpu/runs/RUN_2025.06.09_11.26.38/logs/floorplan/3-initial_fp.log)...
[INFO]: Floorplanned with width 18.4 and height 16.32.
[INFO]: Running IO Placement (log: full_cpu/runs/RUN_2025.06.09_11.26.38/logs/floorplan/4-place_io.log)...
[INFO]: Running Tap/Decap Insertion (log: full_cpu/runs/RUN_2025.06.09_11.26.38/logs/floorplan/5-tap.log)...
[INFO]: Power planning with power {VPWR} and ground {VGND}...
[INFO]: Generating PDN (log: full_cpu/runs/RUN_2025.06.09_11.26.38/logs/floorplan/6-pdn.log)...
[INFO]: Running Global Placement (log: full_cpu/runs/RUN_2025.06.09_11.26.38/logs/placement/6-global.log)...
[INFO]: Running Single-Corner Static Timing Analysis (log: full_cpu/runs/RUN_2025.06.09_11.26.38/logs/placement/8-gpl_sta.log)...
[INFO]: Running Placement Resizer Design Optimizations (log: full_cpu/runs/RUN_2025.06.09_11.26.38/logs/placement/9-resizer.log)...
[INFO]: Running Detailed Placement (log: full_cpu/runs/RUN_2025.06.09_11.26.38/logs/placement/10-detailed.log)...
[INFO]: Running Single-Corner Static Timing Analysis (log: full_cpu/runs/RUN_2025.06.09_11.26.38/logs/placement/11-dpl_sta.log)...
[INFO]: Running Clock Tree Synthesis (log: full_cpu/runs/RUN_2025.06.09_11.26.38/logs/cts/12-cts.log)...
[INFO]: Running Single-Corner Static Timing Analysis (log: full_cpu/runs/RUN_2025.06.09_11.26.38/logs/cts/13-cts_sta.log)...
[INFO]: Running Placement Resizer Timing Optimizations (log: full_cpu/runs/RUN_2025.06.09_11.26.38/logs/cts/14-resizer.log)...
[INFO]: Running Global Routing Resizer Design Optimizations (log: full_cpu/runs/RUN_2025.06.09_11.26.38/logs/routing/15-resizer_design.log)...
[INFO]: Running Single-Corner Static Timing Analysis (log: full_cpu/runs/RUN_2025.06.09_11.26.38/logs/routing/16-rsz_design_sta.log)...
[INFO]: Running Global Routing Resizer Timing Optimizations (log: full_cpu/runs/RUN_2025.06.09_11.26.38/logs/routing/17-resizer_timing.log)...
[INFO]: Running Single-Corner Static Timing Analysis (log: full_cpu/runs/RUN_2025.06.09_11.26.38/logs/routing/18-rsz_timing_sta.log)...
[INFO]: Running I/O Diode Insertion (log: full_cpu/runs/RUN_2025.06.09_11.26.38/logs/routing/19-io_diodes.log)...
[INFO]: Running Detailed Placement (log: full_cpu/runs/RUN_2025.06.09_11.26.38/logs/routing/20-io_diode_legalization.log)...
[INFO]: Running Heuristic Diode Insertion (log: full_cpu/runs/RUN_2025.06.09_11.26.38/logs/routing/21-diodes.log)...
[INFO]: Running Detailed Placement (log: full_cpu/runs/RUN_2025.06.09_11.26.38/logs/routing/22-diode_legalization.log)...
[INFO]: Running Global Routing (log: full_cpu/runs/RUN_2025.06.09_11.26.38/logs/routing/23-global.log)...
[INFO]: Writing Verilog (log: full_cpu/runs/RUN_2025.06.09_11.26.38/logs/routing/23-global_write_netlist.log)...
[INFO]: Running Single-Corner Static Timing Analysis (log: full_cpu/runs/RUN_2025.06.09_11.26.38/logs/routing/25-grt_sta.log)...
[INFO]: Running Fill Insertion (log: full_cpu/runs/RUN_2025.06.09_11.26.38/logs/routing/26-fill.log)...
[INFO]: Running Detailed Routing (log: full_cpu/runs/RUN_2025.06.09_11.26.38/logs/routing/27-detailed.log)...
[INFO]: No Magic DRC violations after detailed routing.
[INFO]: Checking Wire Lengths (log: full_cpu/runs/RUN_2025.06.09_11.26.38/logs/routing/28-wire_lengths.log)...
[INFO]: Running SPEF Extraction at the min process corner (log: full_cpu/runs/RUN_2025.06.09_11.26.38/logs/signoff/29-parasitics_extraction.min.log)...
[INFO]: Running Multi-Corner Static Timing Analysis at the min process corner (log: full_cpu/runs/RUN_2025.06.09_11.26.38/logs/signoff/30-rcx_mcsta.min.log)...
[INFO]: Running SPEF Extraction at the max process corner (log: full_cpu/runs/RUN_2025.06.09_11.26.38/logs/signoff/31-parasitics_extraction.max.log)...
[INFO]: Running Multi-Corner Static Timing Analysis at the max process corner (log: full_cpu/runs/RUN_2025.06.09_11.26.38/logs/signoff/32-rcx_mcsta.max.log)...
[INFO]: Running SPEF Extraction at the nom process corner (log: full_cpu/runs/RUN_2025.06.09_11.26.38/logs/signoff/33-parasitics_extraction.nom.log)...
[INFO]: Running Multi-Corner Static Timing Analysis at the nom process corner (log: full_cpu/runs/RUN_2025.06.09_11.26.38/logs/signoff/34-rcx_mcsta.nom.log)...
[WARNING]: VSRC_LOC_FILES was not given a value, which may make the results of IR drop analysis inaccurate. If you are not integrating a top-level chip for manufacture, you may ignore this warning, otherwise, see the documentation for VSRC_LOC_FILES.
[INFO]: Creating IR Drop Report (log: full_cpu/runs/RUN_2025.06.09_11.26.38/logs/signoff/35-irdrop.log)...
[INFO]: Running Magic to generate various views...
[INFO]: Streaming out GDSII with Magic (log: full_cpu/runs/RUN_2025.06.09_11.26.38/logs/signoff/36-gdsii.log)...
[INFO]: Generating MAGLEF views...
[INFO]: Generating lef with Magic (/openlane/full_cpu/runs/RUN_2025.06.09_11.26.38/logs/signoff/36-lef.log)...
[INFO]: Streaming out GDSII with KLayout (log: full_cpu/runs/RUN_2025.06.09_11.26.38/logs/signoff/37-gdsii-klayout.log)...
[INFO]: Running XOR on the layouts using KLayout (log: full_cpu/runs/RUN_2025.06.09_11.26.38/logs/signoff/38-xor.log)...
[INFO]: No XOR differences between KLayout and Magic gds.
[INFO]: Running Magic Spice Export from LEF (log: full_cpu/runs/RUN_2025.06.09_11.26.38/logs/signoff/39-spice.log)...
[INFO]: Writing Powered Verilog (logs: full_cpu/runs/RUN_2025.06.09_11.26.38/logs/signoff/40-write_powered_def.log, full_cpu/runs/RUN_2025.06.09_11.26.38/logs/signoff/40-write_powered_verilog.log)...
[INFO]: Writing Verilog (log: full_cpu/runs/RUN_2025.06.09_11.26.38/logs/signoff/40-write_powered_verilog.log)...
[INFO]: Running LVS (log: full_cpu/runs/RUN_2025.06.09_11.26.38/logs/signoff/42-lvs.lef.log)...
[INFO]: Running Magic DRC (log: full_cpu/runs/RUN_2025.06.09_11.26.38/logs/signoff/43-drc.log)...
[INFO]: Converting Magic DRC database to various tool-readable formats...
[INFO]: No Magic DRC violations after GDS streaming out.
[INFO]: Running KLayout DRC (log: full_cpu/runs/RUN_2025.06.09_11.26.38/logs/signoff/44-drc-klayout.log)...
[INFO]: No KLayout DRC violations after GDS streaming out.
[INFO]: Running OpenROAD Antenna Rule Checker (log: full_cpu/runs/RUN_2025.06.09_11.26.38/logs/signoff/45-arc.log)...
[INFO]: Saving current set of views in 'full_cpu/runs/RUN_2025.06.09_11.26.38/results/final'...
[INFO]: Saving runtime environment...
[INFO]: Generating final set of reports...
[INFO]: Created manufacturability report at 'full_cpu/runs/RUN_2025.06.09_11.26.38/reports/manufacturability.rpt'.
[INFO]: Created metrics report at 'full_cpu/runs/RUN_2025.06.09_11.26.38/reports/metrics.csv'.
[INFO]: There are no max slew, max fanout or max capacitance violations in the design at the Typical corner.
[INFO]: There are no hold violations in the design at the Typical corner.
[INFO]: There are no setup violations in the design at the Typical corner.
[SUCCESS]: Flow complete.
[INFO]: Note that the following warnings have been generated:
